    Updating crates.io index
 Downloading crates ...
  Downloaded crc32fast v1.5.2
  Downloaded base64 v0.23.1
  Downloaded ryu v1.0.23
  Downloaded unicode-ident v1.0.26
  Downloaded cc v1.4.7
  Downloaded hashbrown v0.17.1
  Downloaded httpdate v1.0.3
  Downloaded itoa v1.0.18
  Downloaded memchr v2.8.3
  Downloaded once_cell v1.21.4
  Downloaded proc-macro2 v1.0.107
  Downloaded chunked_transfer v1.5.0
  Downloaded equivalent v1.0.2
  Downloaded adler2 v2.0.1
  Downloaded cfg-if v1.0.5
  Downloaded find-msvc-tools v0.1.13
  Downloaded serde_core v1.0.229
  Downloaded zmij v1.0.23
  Downloaded subtle v2.6.1
  Downloaded yaml_serde v0.10.7
  Downloaded base64ct v1.8.3
  Downloaded percent-encoding v2.3.2
  Downloaded utf8-zero v0.8.1
  Downloaded ascii v1.1.0
  Downloaded untrusted v0.9.0
  Downloaded getrandom v0.2.17
  Downloaded pem-rfc7468 v1.0.0
  Downloaded quote v1.0.47
  Downloaded ureq-proto v0.6.4
  Downloaded windows-link v0.2.1
  Downloaded zeroize v1.9.0
  Downloaded httparse v1.10.1
  Downloaded rustls-pki-types v1.15.1
  Downloaded schannel v0.1.29
  Downloaded shlex v2.0.1
  Downloaded simd-adler32 v0.3.10
  Downloaded flate2 v1.1.10
  Downloaded libyaml-rs v0.3.0
  Downloaded log v0.4.34
  Downloaded miniz_oxide v0.9.1
  Downloaded serde_derive v1.0.229
  Downloaded tiny_http v0.12.0
  Downloaded bytes v1.12.1
  Downloaded native-tls v0.2.18
  Downloaded rustls-webpki v0.103.15
  Downloaded http v1.5.0
  Downloaded serde v1.0.229
  Downloaded serde_json v1.0.151
  Downloaded der v0.8.2
  Downloaded indexmap v2.14.2
  Downloaded webpki-root-certs v1.0.9
  Downloaded ureq v3.4.2
  Downloaded webpki-roots v1.0.9
  Downloaded rustls v0.23.45
  Downloaded zlib-rs v0.6.8
  Downloaded syn v3.0.6
  Downloaded ring v0.17.14
  Downloaded windows-sys v0.61.2
   Compiling proc-macro2 v1.0.107
   Compiling quote v1.0.47
   Compiling unicode-ident v1.0.26
   Compiling itoa v1.0.18
   Compiling serde_core v1.0.229
   Compiling windows-link v0.2.1
   Compiling zeroize v1.9.0
   Compiling crc32fast v1.5.2
   Compiling httparse v1.10.1
   Compiling windows-sys v0.61.2
   Compiling base64ct v1.8.3
   Compiling syn v3.0.6
   Compiling adler2 v2.0.1
   Compiling native-tls v0.2.18
   Compiling cfg-if v1.0.5
   Compiling simd-adler32 v0.3.10
   Compiling serde v1.0.229
   Compiling log v0.4.34
   Compiling bytes v1.12.1
   Compiling zmij v1.0.23
   Compiling http v1.5.0
   Compiling miniz_oxide v0.9.1
   Compiling serde_derive v1.0.229
   Compiling pem-rfc7468 v1.0.0
   Compiling rustls-pki-types v1.15.1
   Compiling serde_json v1.0.151
   Compiling hashbrown v0.17.1
   Compiling equivalent v1.0.2
   Compiling base64 v0.23.1
   Compiling schannel v0.1.29
   Compiling ureq-proto v0.6.4
   Compiling indexmap v2.14.2
   Compiling webpki-root-certs v1.0.9
   Compiling der v0.8.2
   Compiling flate2 v1.1.10
   Compiling ascii v1.1.0
   Compiling ryu v1.0.23
   Compiling libyaml-rs v0.3.0
   Compiling percent-encoding v2.3.2
   Compiling memchr v2.8.3
   Compiling utf8-zero v0.8.1
   Compiling httpdate v1.0.3
   Compiling chunked_transfer v1.5.0
   Compiling tiny_http v0.12.0
   Compiling ureq v3.4.2
   Compiling yaml_serde v0.10.7
   Compiling solomni v0.1.0 (D:\a\Solomni\Solomni)
    Finished `dev` profile [unoptimized + debuginfo] target(s) in 36.62s
