    Checking itoa v1.0.18
    Checking zeroize v1.9.0
    Checking windows-link v0.2.1
    Checking serde_core v1.0.229
    Checking windows-sys v0.61.2
    Checking bytes v1.12.1
    Checking cfg-if v1.0.5
    Checking simd-adler32 v0.3.10
    Checking log v0.4.34
    Checking adler2 v2.0.1
    Checking base64ct v1.8.3
    Checking http v1.5.0
    Checking pem-rfc7468 v1.0.0
    Checking miniz_oxide v0.9.1
    Checking crc32fast v1.5.2
    Checking rustls-pki-types v1.15.1
    Checking httparse v1.10.1
    Checking equivalent v1.0.2
    Checking base64 v0.23.1
    Checking hashbrown v0.17.1
    Checking serde v1.0.229
    Checking ureq-proto v0.6.4
    Checking webpki-root-certs v1.0.9
    Checking zmij v1.0.23
    Checking indexmap v2.14.2
    Checking flate2 v1.1.10
    Checking der v0.8.2
    Checking httpdate v1.0.3
    Checking chunked_transfer v1.5.0
    Checking percent-encoding v2.3.2
    Checking utf8-zero v0.8.1
    Checking ryu v1.0.23
    Checking ascii v1.1.0
    Checking libyaml-rs v0.3.0
    Checking memchr v2.8.3
    Checking tiny_http v0.12.0
    Checking yaml_serde v0.10.7
    Checking serde_json v1.0.151
    Checking schannel v0.1.29
    Checking native-tls v0.2.18
    Checking ureq v3.4.2
    Checking solomni v0.1.0 (D:\a\Solomni\Solomni)
    Finished `dev` profile [unoptimized + debuginfo] target(s) in 17.88s
