warning[duplicate]: found 2 duplicate entries for crate 'getrandom'
   ┌─ /home/runner/work/Solomni/Solomni/Cargo.lock:21:1
   │  
21 │ ╭ getrandom 0.2.17 registry+https://github.com/rust-lang/crates.io-index
22 │ │ getrandom 0.4.3 registry+https://github.com/rust-lang/crates.io-index
   │ ╰─────────────────────────────────────────────────────────────────────┘ lock entries
   │  
   ├ getrandom v0.2.17
     └── ring v0.17.14
         ├── rustls v0.23.45
         │   └── ureq v3.4.2
         │       └── solomni v0.1.0
         └── rustls-webpki v0.103.15
             └── rustls v0.23.45 (*)
   ├ getrandom v0.4.3
     └── tempfile v3.27.0
         └── native-tls v0.2.18
             └── ureq v3.4.2
                 └── solomni v0.1.0

warning[duplicate]: found 2 duplicate entries for crate 'syn'
   ┌─ /home/runner/work/Solomni/Solomni/Cargo.lock:64:1
   │  
64 │ ╭ syn 2.0.119 registry+https://github.com/rust-lang/crates.io-index
65 │ │ syn 3.0.6 registry+https://github.com/rust-lang/crates.io-index
   │ ╰───────────────────────────────────────────────────────────────┘ lock entries
   │  
   ├ syn v2.0.119
     └── openssl-macros v0.1.1
         └── openssl v0.10.81
             └── native-tls v0.2.18
                 └── ureq v3.4.2
                     └── solomni v0.1.0
   ├ syn v3.0.6
     └── serde_derive v1.0.229
         └── serde v1.0.229
             ├── solomni v0.1.0
             └── yaml_serde v0.10.7
                 └── solomni v0.1.0 (*)

warning[duplicate]: found 2 duplicate entries for crate 'windows-sys'
   ┌─ /home/runner/work/Solomni/Solomni/Cargo.lock:78:1
   │  
78 │ ╭ windows-sys 0.52.0 registry+https://github.com/rust-lang/crates.io-index
79 │ │ windows-sys 0.61.2 registry+https://github.com/rust-lang/crates.io-index
   │ ╰────────────────────────────────────────────────────────────────────────┘ lock entries
   │  
   ├ windows-sys v0.52.0
     └── ring v0.17.14
         ├── rustls v0.23.45
         │   └── ureq v3.4.2
         │       └── solomni v0.1.0
         └── rustls-webpki v0.103.15
             └── rustls v0.23.45 (*)
   ├ windows-sys v0.61.2
     ├── errno v0.3.14
     │   └── rustix v1.1.5
     │       └── tempfile v3.27.0
     │           └── native-tls v0.2.18
     │               └── ureq v3.4.2
     │                   └── solomni v0.1.0
     ├── rustix v1.1.5 (*)
     ├── schannel v0.1.29
     │   └── native-tls v0.2.18 (*)
     ├── solomni v0.1.0 (*)
     └── tempfile v3.27.0 (*)

advisories ok, bans ok, licenses ok, sources ok
