    Checking cfg-if v1.0.5
    Checking libc v0.2.189
    Checking itoa v1.0.18
    Checking zeroize v1.9.0
    Checking untrusted v0.9.0
    Checking rustls-pki-types v1.15.1
    Checking log v0.4.34
    Checking serde_core v1.0.229
    Checking adler2 v2.0.1
    Checking getrandom v0.2.17
    Checking bytes v1.12.1
    Checking ring v0.17.14
    Checking simd-adler32 v0.3.10
    Checking miniz_oxide v0.9.1
    Checking http v1.5.0
    Checking rustls-webpki v0.103.15
    Checking crc32fast v1.5.2
    Checking httparse v1.10.1
    Checking equivalent v1.0.2
    Checking once_cell v1.21.4
    Checking subtle v2.6.1
    Checking hashbrown v0.17.1
    Checking base64 v0.23.1
    Checking rustls v0.23.45
    Checking ureq-proto v0.6.4
    Checking indexmap v2.14.2
    Checking flate2 v1.1.10
    Checking serde v1.0.229
    Checking zmij v1.0.23
    Checking webpki-roots v1.0.9
    Checking httpdate v1.0.3
    Checking utf8-zero v0.8.1
    Checking ryu v1.0.23
    Checking unsafe-libyaml v0.2.11
    Checking ascii v1.1.0
    Checking memchr v2.8.3
    Checking chunked_transfer v1.5.0
    Checking percent-encoding v2.3.2
    Checking tiny_http v0.12.0
    Checking serde_yaml v0.9.34+deprecated
    Checking serde_json v1.0.151
    Checking ureq v3.4.2
    Checking solomni v0.1.0 (/Users/runner/work/Solomni/Solomni)
    Finished `dev` profile [unoptimized + debuginfo] target(s) in 12.15s
